// Jest Snapshot v1, https://goo.gl/fbAQLP

exports[`<View /> has 1 child 1`] = `
<View
  style={
    Array [
      Object {
        "backgroundColor": "#fff",
        "direction": "ltr",
      },
      undefined,
    ]
  }
/>
`;
